# serializer version: 1
# name: test_caqi_value
  NAMSensors(bme280_humidity=None, bme280_pressure=None, bme280_temperature=None, bmp180_pressure=None, bmp180_temperature=None, bmp280_pressure=None, bmp280_temperature=None, dht22_humidity=None, dht22_temperature=None, ds18b20_temperature=None, gps_altitude=None, gps_latitude=None, gps_longitude=None, heca_humidity=None, heca_temperature=None, mhz14a_carbon_dioxide=None, pms_caqi=None, pms_caqi_level=None, pms_p0=None, pms_p1=None, pms_p2=None, sds011_caqi=None, sds011_caqi_level=None, sds011_p1=None, sds011_p2=None, sht3x_humidity=None, sht3x_temperature=None, signal=None, sps30_caqi=None, sps30_caqi_level=None, sps30_p0=None, sps30_p1=None, sps30_p2=None, sps30_p4=None, uptime=None)
# ---
# name: test_data_cached
  NAMSensors(bme280_humidity=85.3, bme280_pressure=989.206, bme280_temperature=10.6, bmp180_pressure=996.784, bmp180_temperature=10.8, bmp280_pressure=1022.012, bmp280_temperature=5.6, dht22_humidity=46.2, dht22_temperature=6.3, heca_humidity=59.7, heca_temperature=15.1, mhz14a_carbon_dioxide=865.0, pms_caqi=19, pms_caqi_level='very_low', pms_p0=6.0, pms_p1=10.0, pms_p2=11.0, sds011_caqi=34, sds011_caqi_level='low', sds011_p1=22.7, sds011_p2=20.0, sht3x_humidity=34.7, sht3x_temperature=6.3, signal=-85.0, sps30_caqi=54, sps30_caqi_level='medium', sps30_p0=31.2, sps30_p1=21.2, sps30_p2=34.3, sps30_p4=24.7, uptime=45632)
# ---
# name: test_valid_data
  NAMSensors(bme280_humidity=85.3, bme280_pressure=989.206, bme280_temperature=10.6, bmp180_pressure=996.784, bmp180_temperature=10.8, bmp280_pressure=1022.012, bmp280_temperature=5.6, dht22_humidity=46.2, dht22_temperature=6.3, ds18b20_temperature=12.9, gps_altitude=102.8, gps_latitude=52.3, gps_longitude=20.9, heca_humidity=59.7, heca_temperature=15.1, mhz14a_carbon_dioxide=865.0, pms_caqi=19, pms_caqi_level='very_low', pms_p0=6.0, pms_p1=10.0, pms_p2=11.0, sds011_caqi=34, sds011_caqi_level='low', sds011_p1=22.7, sds011_p2=20.0, sht3x_humidity=34.7, sht3x_temperature=6.3, signal=-85.0, sps30_caqi=54, sps30_caqi_level='medium', sps30_p0=31.2, sps30_p1=21.2, sps30_p2=34.3, sps30_p4=24.7, uptime=45632)
# ---
# name: test_valid_data_with_auth
  NAMSensors(bme280_humidity=85.3, bme280_pressure=989.206, bme280_temperature=10.6, bmp180_pressure=996.784, bmp180_temperature=10.8, bmp280_pressure=1022.012, bmp280_temperature=5.6, dht22_humidity=46.2, dht22_temperature=6.3, ds18b20_temperature=12.9, gps_altitude=102.8, gps_latitude=52.3, gps_longitude=20.9, heca_humidity=59.7, heca_temperature=15.1, mhz14a_carbon_dioxide=865.0, pms_caqi=19, pms_caqi_level='very_low', pms_p0=6.0, pms_p1=10.0, pms_p2=11.0, sds011_caqi=34, sds011_caqi_level='low', sds011_p1=22.7, sds011_p2=20.0, sht3x_humidity=34.7, sht3x_temperature=6.3, signal=-85.0, sps30_caqi=54, sps30_caqi_level='medium', sps30_p0=31.2, sps30_p1=21.2, sps30_p2=34.3, sps30_p4=24.7, uptime=45632)
# ---
